{"episode": 113525049, "seat": 0, "ref_team": "Smackaveli", "our_bank": 61208.0, "ref_bank": 82423.0, "margin": -20898.0, "ref_margin": 6763.0, "error": null}
{"episode": 113537919, "seat": 0, "ref_team": "Azat Akhtyamov", "our_bank": 170181.0, "ref_bank": 133517.0, "margin": 113942.0, "ref_margin": 6588.0, "error": null}
{"episode": 113585379, "seat": 0, "ref_team": "Boey", "our_bank": 96995.0, "ref_bank": 118145.0, "margin": -19251.0, "ref_margin": 376.0, "error": null}
{"episode": 113592108, "seat": 0, "ref_team": "Boey", "our_bank": 117418.0, "ref_bank": 119340.0, "margin": -21931.0, "ref_margin": -2954.0, "error": null}
{"episode": 113608845, "seat": 0, "ref_team": "DSM", "our_bank": 164905.0, "ref_bank": 107913.0, "margin": 114060.0, "ref_margin": 2602.0, "error": null}
{"episode": 113615457, "seat": 0, "ref_team": "Vadim Vasilenko", "our_bank": 119615.0, "ref_bank": 114520.0, "margin": 72497.0, "ref_margin": 5298.0, "error": null}
{"episode": 113619305, "seat": 0, "ref_team": "Unknown Mother-Goose", "our_bank": 161815.0, "ref_bank": 90818.0, "margin": 130784.0, "ref_margin": 6269.0, "error": null}
{"episode": 113626750, "seat": 0, "ref_team": "Unknown Mother-Goose", "our_bank": 101361.0, "ref_bank": 87717.0, "margin": 37583.0, "ref_margin": 596.0, "error": null}
{"episode": 113718699, "seat": 0, "ref_team": "Majkel1337", "our_bank": 59494.0, "ref_bank": 85545.0, "margin": -18672.0, "ref_margin": 4398.0, "error": null}
{"episode": 113728174, "seat": 0, "ref_team": "TheEggman", "our_bank": 137454.0, "ref_bank": 113563.0, "margin": 71731.0, "ref_margin": -14310.0, "error": null}
{"episode": 113735878, "seat": 0, "ref_team": "mtmr_s1", "our_bank": 50559.0, "ref_bank": 71207.0, "margin": -23763.0, "ref_margin": 2136.0, "error": null}
{"episode": 113742820, "seat": 0, "ref_team": "M & M & P & Q", "our_bank": 117262.0, "ref_bank": 108011.0, "margin": 24372.0, "ref_margin": -2890.0, "error": null}
{"episode": 113748445, "seat": 0, "ref_team": "DECEM", "our_bank": 104634.0, "ref_bank": 117360.0, "margin": -11025.0, "ref_margin": 8808.0, "error": null}
{"episode": 113749713, "seat": 0, "ref_team": "DECEM", "our_bank": 107874.0, "ref_bank": 99692.0, "margin": 12247.0, "ref_margin": 9836.0, "error": null}
{"episode": 113751093, "seat": 0, "ref_team": "Boey", "our_bank": 186989.0, "ref_bank": 114266.0, "margin": 101573.0, "ref_margin": -8071.0, "error": null}
{"episode": 113775889, "seat": 0, "ref_team": "M & M & P & Q", "our_bank": 67804.0, "ref_bank": 86912.0, "margin": -19909.0, "ref_margin": 2901.0, "error": null}
{"episode": 113787172, "seat": 0, "ref_team": "DECEM", "our_bank": 148753.0, "ref_bank": 90887.0, "margin": 101232.0, "ref_margin": 3618.0, "error": null}
{"episode": 113870642, "seat": 0, "ref_team": "DECEM", "our_bank": 85984.0, "ref_bank": 97766.0, "margin": -12731.0, "ref_margin": 1748.0, "error": null}
{"episode": 113882933, "seat": 0, "ref_team": "Fourth Quadrant", "our_bank": 129758.0, "ref_bank": 76144.0, "margin": 127764.0, "ref_margin": 3155.0, "error": null}
{"episode": 113917697, "seat": 0, "ref_team": "M & M & P & Q", "our_bank": 60646.0, "ref_bank": 81212.0, "margin": -33711.0, "ref_margin": -3274.0, "error": null}
{"episode": 113928363, "seat": 0, "ref_team": "Unknown Mother-Goose", "our_bank": 112627.0, "ref_bank": 100476.0, "margin": 47234.0, "ref_margin": 399.0, "error": null}
{"episode": 114011184, "seat": 0, "ref_team": "THIRD FARM CLUB", "our_bank": 166599.0, "ref_bank": 152934.0, "margin": 79988.0, "ref_margin": 5271.0, "error": null}
{"episode": 114024569, "seat": 0, "ref_team": "Vadim Vasilenko", "our_bank": 113309.0, "ref_bank": 116817.0, "margin": -20131.0, "ref_margin": -3341.0, "error": null}
{"episode": 114034603, "seat": 0, "ref_team": "Boey", "our_bank": 105580.0, "ref_bank": 108153.0, "margin": -6769.0, "ref_margin": -6012.0, "error": null}
{"episode": 114035848, "seat": 0, "ref_team": "THIRD FARM CLUB", "our_bank": 98290.0, "ref_bank": 114502.0, "margin": -15584.0, "ref_margin": -3315.0, "error": null}
ARENA DONE dtrwB 0
