{"episode": 113532417, "seat": 1, "ref_team": "Smackaveli", "our_bank": 179608.0, "ref_bank": 130747.0, "margin": 151467.0, "ref_margin": 197.0, "error": null}
{"episode": 113539109, "seat": 1, "ref_team": "Smackaveli", "our_bank": 132513.0, "ref_bank": 101845.0, "margin": 83053.0, "ref_margin": -3494.0, "error": null}
{"episode": 113585388, "seat": 1, "ref_team": "DSM", "our_bank": 92113.0, "ref_bank": 94566.0, "margin": -11182.0, "ref_margin": -4824.0, "error": null}
{"episode": 113598184, "seat": 1, "ref_team": "DSM", "our_bank": 62263.0, "ref_bank": 83305.0, "margin": -21111.0, "ref_margin": 6353.0, "error": null}
{"episode": 113612092, "seat": 1, "ref_team": "Unknown Mother-Goose", "our_bank": 140627.0, "ref_bank": 107157.0, "margin": 41338.0, "ref_margin": -3127.0, "error": null}
{"episode": 113615741, "seat": 1, "ref_team": "mtmr_s1", "our_bank": 154345.0, "ref_bank": 99759.0, "margin": 138496.0, "ref_margin": -5201.0, "error": null}
{"episode": 113626747, "seat": 1, "ref_team": "Unknown Mother-Goose", "our_bank": 162027.0, "ref_bank": 105404.0, "margin": 114254.0, "ref_margin": -3608.0, "error": null}
{"episode": 113633821, "seat": 1, "ref_team": "THIRD FARM CLUB", "our_bank": 163991.0, "ref_bank": 118689.0, "margin": 84499.0, "ref_margin": -15496.0, "error": null}
{"episode": 113727459, "seat": 1, "ref_team": "TheEggman", "our_bank": 100297.0, "ref_bank": 114906.0, "margin": -35032.0, "ref_margin": -10313.0, "error": null}
{"episode": 113735491, "seat": 1, "ref_team": "Smackaveli", "our_bank": 111130.0, "ref_bank": 111989.0, "margin": -2702.0, "ref_margin": -15996.0, "error": null}
{"episode": 113742478, "seat": 1, "ref_team": "THIRD FARM CLUB", "our_bank": 137438.0, "ref_bank": 142467.0, "margin": -3610.0, "ref_margin": -2522.0, "error": null}
{"episode": 113746148, "seat": 1, "ref_team": "Majkel1337", "our_bank": 164421.0, "ref_bank": 95653.0, "margin": 153235.0, "ref_margin": 6089.0, "error": null}
{"episode": 113749710, "seat": 1, "ref_team": "M & M & P & Q", "our_bank": 83373.0, "ref_bank": 101517.0, "margin": -19425.0, "ref_margin": -812.0, "error": null}
{"episode": 113751049, "seat": 1, "ref_team": "M & M & P & Q", "our_bank": 117207.0, "ref_bank": 102230.0, "margin": 60812.0, "ref_margin": -5473.0, "error": null}
{"episode": 113767484, "seat": 1, "ref_team": "Azat Akhtyamov", "our_bank": 134927.0, "ref_bank": 119065.0, "margin": 1577.0, "ref_margin": -1428.0, "error": null}
{"episode": 113786262, "seat": 1, "ref_team": "Majkel1337", "our_bank": 61363.0, "ref_bank": 79114.0, "margin": -13223.0, "ref_margin": -4036.0, "error": null}
{"episode": 113864468, "seat": 1, "ref_team": "Fourth Quadrant", "our_bank": 180903.0, "ref_bank": 120300.0, "margin": 125267.0, "ref_margin": 8533.0, "error": null}
{"episode": 113876795, "seat": 1, "ref_team": "Fourth Quadrant", "our_bank": 87774.0, "ref_bank": 70434.0, "margin": 24232.0, "ref_margin": -4069.0, "error": null}
{"episode": 113911257, "seat": 1, "ref_team": "Boey", "our_bank": 81087.0, "ref_bank": 103669.0, "margin": -27711.0, "ref_margin": 3860.0, "error": null}
{"episode": 113921726, "seat": 1, "ref_team": "M & M & P & Q", "our_bank": 117005.0, "ref_bank": 114152.0, "margin": -10463.0, "ref_margin": 8793.0, "error": null}
{"episode": 114008619, "seat": 1, "ref_team": "Boey", "our_bank": 125727.0, "ref_bank": 111464.0, "margin": -14011.0, "ref_margin": -26381.0, "error": null}
{"episode": 114019002, "seat": 1, "ref_team": "THIRD FARM CLUB", "our_bank": 138601.0, "ref_bank": 157079.0, "margin": -23333.0, "ref_margin": 1333.0, "error": null}
{"episode": 114026977, "seat": 1, "ref_team": "THIRD FARM CLUB", "our_bank": 142388.0, "ref_bank": 163358.0, "margin": -27127.0, "ref_margin": 4467.0, "error": null}
{"episode": 114035844, "seat": 1, "ref_team": "Anton Tikhonov", "our_bank": 137909.0, "ref_bank": 134816.0, "margin": 6003.0, "ref_margin": 7696.0, "error": null}
ARENA DONE dtrw 5
