{"episode": 113525049, "seat": 1, "ref_team": "Yizhou", "our_bank": 104674.0, "ref_bank": 75660.0, "margin": 51724.0, "ref_margin": -6763.0, "error": null}
{"episode": 113537919, "seat": 1, "ref_team": "Smackaveli", "our_bank": 177767.0, "ref_bank": 126929.0, "margin": 152081.0, "ref_margin": -6588.0, "error": null}
{"episode": 113585379, "seat": 1, "ref_team": "DSM", "our_bank": 143420.0, "ref_bank": 117769.0, "margin": 42466.0, "ref_margin": -376.0, "error": null}
{"episode": 113592108, "seat": 1, "ref_team": "DSM", "our_bank": 131159.0, "ref_bank": 122294.0, "margin": -12686.0, "ref_margin": 2954.0, "error": null}
{"episode": 113608845, "seat": 1, "ref_team": "Vadim Vasilenko", "our_bank": 106392.0, "ref_bank": 105311.0, "margin": -18138.0, "ref_margin": -2602.0, "error": null}
{"episode": 113615457, "seat": 1, "ref_team": "Unknown Mother-Goose", "our_bank": 116357.0, "ref_bank": 109222.0, "margin": 61623.0, "ref_margin": -5298.0, "error": null}
{"episode": 113619305, "seat": 1, "ref_team": "mtmr_s1", "our_bank": 141622.0, "ref_bank": 84549.0, "margin": 88553.0, "ref_margin": -6269.0, "error": null}
{"episode": 113626750, "seat": 1, "ref_team": "DECEM", "our_bank": 110803.0, "ref_bank": 87121.0, "margin": 53379.0, "ref_margin": -596.0, "error": null}
{"episode": 113718699, "seat": 1, "ref_team": "TheEggman", "our_bank": 145951.0, "ref_bank": 81147.0, "margin": 126503.0, "ref_margin": -4398.0, "error": null}
{"episode": 113728174, "seat": 1, "ref_team": "DSM", "our_bank": 116831.0, "ref_bank": 127873.0, "margin": -8068.0, "ref_margin": 14310.0, "error": null}
{"episode": 113735878, "seat": 1, "ref_team": "TheEggman", "our_bank": 68817.0, "ref_bank": 69071.0, "margin": -13816.0, "ref_margin": -2136.0, "error": null}
{"episode": 113742820, "seat": 1, "ref_team": "Boey", "our_bank": 102320.0, "ref_bank": 110901.0, "margin": -18448.0, "ref_margin": 2890.0, "error": null}
{"episode": 113748445, "seat": 1, "ref_team": "THIRD FARM CLUB", "our_bank": 134228.0, "ref_bank": 108552.0, "margin": 52861.0, "ref_margin": -8808.0, "error": null}
{"episode": 113749713, "seat": 1, "ref_team": "Fourth Quadrant", "our_bank": 157868.0, "ref_bank": 89856.0, "margin": 81583.0, "ref_margin": -9836.0, "error": null}
{"episode": 113751093, "seat": 1, "ref_team": "Fourth Quadrant", "our_bank": 158582.0, "ref_bank": 122337.0, "margin": -6514.0, "ref_margin": 8071.0, "error": null}
{"episode": 113775889, "seat": 1, "ref_team": "DECEM", "our_bank": 65228.0, "ref_bank": 84011.0, "margin": -29424.0, "ref_margin": -2901.0, "error": null}
{"episode": 113787172, "seat": 1, "ref_team": "Yizhou", "our_bank": 148612.0, "ref_bank": 87269.0, "margin": 116557.0, "ref_margin": -3618.0, "error": null}
{"episode": 113870642, "seat": 1, "ref_team": "Fourth Quadrant", "our_bank": 134737.0, "ref_bank": 96018.0, "margin": 43702.0, "ref_margin": -1748.0, "error": null}
{"episode": 113882933, "seat": 1, "ref_team": "mtmr_s1", "our_bank": 87560.0, "ref_bank": 72989.0, "margin": 33199.0, "ref_margin": -3155.0, "error": null}
{"episode": 113917697, "seat": 1, "ref_team": "DSM", "our_bank": 79544.0, "ref_bank": 84486.0, "margin": -2927.0, "ref_margin": 3274.0, "error": null}
{"episode": 113928363, "seat": 1, "ref_team": "M & M & P & Q", "our_bank": 81748.0, "ref_bank": 100077.0, "margin": -17440.0, "ref_margin": -399.0, "error": null}
{"episode": 114011184, "seat": 1, "ref_team": "Just A game on your lips", "our_bank": 142993.0, "ref_bank": 147663.0, "margin": 3030.0, "ref_margin": -5271.0, "error": null}
{"episode": 114024569, "seat": 1, "ref_team": "Boey", "our_bank": 161869.0, "ref_bank": 120158.0, "margin": 107971.0, "ref_margin": 3341.0, "error": null}
{"episode": 114034603, "seat": 1, "ref_team": "M & M & P & Q", "our_bank": 138090.0, "ref_bank": 114165.0, "margin": 58164.0, "ref_margin": 6012.0, "error": null}
{"episode": 114035848, "seat": 1, "ref_team": "We wanna be tomatos", "our_bank": 123128.0, "ref_bank": 117817.0, "margin": -9112.0, "ref_margin": 3315.0, "error": null}
ARENA DONE dtrw 1
