{"episode": 113526475, "seat": 1, "ref_team": "Azat Akhtyamov", "our_bank": 138049.0, "ref_bank": 95760.0, "margin": 90356.0, "ref_margin": -1501.0, "error": null}
{"episode": 113538250, "seat": 1, "ref_team": "My second life", "our_bank": 151822.0, "ref_bank": 127520.0, "margin": 55123.0, "ref_margin": -4834.0, "error": null}
{"episode": 113585384, "seat": 1, "ref_team": "DECEM", "our_bank": 133615.0, "ref_bank": 119549.0, "margin": 31194.0, "ref_margin": 11291.0, "error": null}
{"episode": 113592109, "seat": 1, "ref_team": "DSM", "our_bank": 179963.0, "ref_bank": 123109.0, "margin": 138940.0, "ref_margin": 9377.0, "error": null}
{"episode": 113609850, "seat": 1, "ref_team": "Unknown Mother-Goose", "our_bank": 106282.0, "ref_bank": 83789.0, "margin": 58307.0, "ref_margin": -723.0, "error": null}
{"episode": 113615464, "seat": 1, "ref_team": "Smackaveli", "our_bank": 170301.0, "ref_bank": 109159.0, "margin": 127122.0, "ref_margin": -8064.0, "error": null}
{"episode": 113623209, "seat": 1, "ref_team": "Azat Akhtyamov", "our_bank": 117680.0, "ref_bank": 105294.0, "margin": 73424.0, "ref_margin": -13267.0, "error": null}
{"episode": 113631226, "seat": 1, "ref_team": "DSM", "our_bank": 168071.0, "ref_bank": 111550.0, "margin": 82652.0, "ref_margin": 8960.0, "error": null}
{"episode": 113719422, "seat": 1, "ref_team": "\u5403\u767d\u996d\u7684\u5927\u80a5\u9c7c", "our_bank": 153978.0, "ref_bank": 126512.0, "margin": 77199.0, "ref_margin": -3025.0, "error": null}
{"episode": 113734520, "seat": 1, "ref_team": "DSM", "our_bank": 91789.0, "ref_bank": 99455.0, "margin": -20659.0, "ref_margin": 138.0, "error": null}
{"episode": 113740423, "seat": 1, "ref_team": "DECEM", "our_bank": 112348.0, "ref_bank": 94489.0, "margin": 36500.0, "ref_margin": 3729.0, "error": null}
{"episode": 113743892, "seat": 1, "ref_team": "M & M & P & Q", "our_bank": 152711.0, "ref_bank": 93884.0, "margin": 94415.0, "ref_margin": -3127.0, "error": null}
{"episode": 113749457, "seat": 1, "ref_team": "THIRD FARM CLUB", "our_bank": 101904.0, "ref_bank": 109279.0, "margin": -20488.0, "ref_margin": -17822.0, "error": null}
{"episode": 113751027, "seat": 1, "ref_team": "M & M & P & Q", "our_bank": 84087.0, "ref_bank": 103774.0, "margin": -19317.0, "ref_margin": -2056.0, "error": null}
{"episode": 113754593, "seat": 1, "ref_team": "Otter Vibe", "our_bank": 88794.0, "ref_bank": 100270.0, "margin": -6558.0, "ref_margin": -2137.0, "error": null}
{"episode": 113781287, "seat": 1, "ref_team": "Yizhou", "our_bank": 119744.0, "ref_bank": 103437.0, "margin": 15384.0, "ref_margin": -4003.0, "error": null}
{"episode": 113795546, "seat": 1, "ref_team": "Fourth Quadrant", "our_bank": 145969.0, "ref_bank": 86943.0, "margin": 79885.0, "ref_margin": 663.0, "error": null}
{"episode": 113875579, "seat": 1, "ref_team": "Fourth Quadrant", "our_bank": 162422.0, "ref_bank": 107099.0, "margin": 62434.0, "ref_margin": 2663.0, "error": null}
{"episode": 113888298, "seat": 1, "ref_team": "Fourth Quadrant", "our_bank": 129333.0, "ref_bank": 103238.0, "margin": 65157.0, "ref_margin": 8311.0, "error": null}
{"episode": 113917713, "seat": 1, "ref_team": "M & M & P & Q", "our_bank": 91729.0, "ref_bank": 101166.0, "margin": -17520.0, "ref_margin": -2602.0, "error": null}
{"episode": 113933108, "seat": 1, "ref_team": "M & M & P & Q", "our_bank": 70200.0, "ref_bank": 88314.0, "margin": -20619.0, "ref_margin": -4471.0, "error": null}
{"episode": 114016444, "seat": 1, "ref_team": "Boey", "our_bank": 107323.0, "ref_bank": 119254.0, "margin": -24637.0, "ref_margin": 3308.0, "error": null}
{"episode": 114025871, "seat": 1, "ref_team": "Vadim Vasilenko", "our_bank": 76639.0, "ref_bank": 84395.0, "margin": -9925.0, "ref_margin": -1183.0, "error": null}
{"episode": 114035368, "seat": 1, "ref_team": "Gordeev Max", "our_bank": 95677.0, "ref_bank": 99574.0, "margin": -13332.0, "ref_margin": -3181.0, "error": null}
{"episode": 114041780, "seat": 1, "ref_team": "DSM", "our_bank": 114974.0, "ref_bank": 129632.0, "margin": -23707.0, "ref_margin": 375.0, "error": null}
ARENA DONE dtrwB 3
