{"episode": 113532417, "seat": 0, "ref_team": "mtmr_s1", "our_bank": 174998.0, "ref_bank": 130550.0, "margin": 127718.0, "ref_margin": -197.0, "error": null}
{"episode": 113539109, "seat": 0, "ref_team": "Azat Akhtyamov", "our_bank": 138295.0, "ref_bank": 105339.0, "margin": 98651.0, "ref_margin": 3494.0, "error": null}
{"episode": 113585388, "seat": 0, "ref_team": "Boey", "our_bank": 93212.0, "ref_bank": 99390.0, "margin": -9474.0, "ref_margin": 4824.0, "error": null}
{"episode": 113598184, "seat": 0, "ref_team": "Boey", "our_bank": 77105.0, "ref_bank": 76952.0, "margin": 9818.0, "ref_margin": -6353.0, "error": null}
{"episode": 113612092, "seat": 0, "ref_team": "M & M & P & Q", "our_bank": 162227.0, "ref_bank": 110284.0, "margin": 118845.0, "ref_margin": 3127.0, "error": null}
{"episode": 113615741, "seat": 0, "ref_team": "Vadim Vasilenko", "our_bank": 146370.0, "ref_bank": 104960.0, "margin": 100255.0, "ref_margin": 5201.0, "error": null}
{"episode": 113626747, "seat": 0, "ref_team": "M & M & P & Q", "our_bank": 157429.0, "ref_bank": 109012.0, "margin": 87413.0, "ref_margin": 3608.0, "error": null}
{"episode": 113633821, "seat": 0, "ref_team": "Unknown Mother-Goose", "our_bank": 133943.0, "ref_bank": 134185.0, "margin": -7612.0, "ref_margin": 15496.0, "error": null}
{"episode": 113727459, "seat": 0, "ref_team": "My second life", "our_bank": 98252.0, "ref_bank": 125219.0, "margin": -19272.0, "ref_margin": 10313.0, "error": null}
{"episode": 113735491, "seat": 0, "ref_team": "TheEggman", "our_bank": 112528.0, "ref_bank": 127985.0, "margin": -4469.0, "ref_margin": 15996.0, "error": null}
{"episode": 113742478, "seat": 0, "ref_team": "keiz", "our_bank": 134654.0, "ref_bank": 144989.0, "margin": -3197.0, "ref_margin": 2522.0, "error": null}
{"episode": 113746148, "seat": 0, "ref_team": "Fourth Quadrant", "our_bank": 160288.0, "ref_bank": 89564.0, "margin": 126673.0, "ref_margin": -6089.0, "error": null}
{"episode": 113749710, "seat": 0, "ref_team": "Vadim Vasilenko", "our_bank": 88323.0, "ref_bank": 102329.0, "margin": -5269.0, "ref_margin": 812.0, "error": null}
{"episode": 113751049, "seat": 0, "ref_team": "DSM", "our_bank": 118745.0, "ref_bank": 107703.0, "margin": 69774.0, "ref_margin": 5473.0, "error": null}
{"episode": 113767484, "seat": 0, "ref_team": "DECEM", "our_bank": 188081.0, "ref_bank": 120493.0, "margin": 139818.0, "ref_margin": 1428.0, "error": null}
{"episode": 113786262, "seat": 0, "ref_team": "DECEM", "our_bank": 67842.0, "ref_bank": 83150.0, "margin": -15046.0, "ref_margin": 4036.0, "error": null}
{"episode": 113864468, "seat": 0, "ref_team": "M & M & P & Q", "our_bank": 163904.0, "ref_bank": 111767.0, "margin": 88233.0, "ref_margin": -8533.0, "error": null}
{"episode": 113876795, "seat": 0, "ref_team": "DECEM", "our_bank": 62081.0, "ref_bank": 74503.0, "margin": -8197.0, "ref_margin": 4069.0, "error": null}
{"episode": 113911257, "seat": 0, "ref_team": "M & M & P & Q", "our_bank": 82422.0, "ref_bank": 99809.0, "margin": -28578.0, "ref_margin": -3860.0, "error": null}
{"episode": 113921726, "seat": 0, "ref_team": "TheEggman", "our_bank": 116195.0, "ref_bank": 105359.0, "margin": -3006.0, "ref_margin": -8793.0, "error": null}
{"episode": 114008619, "seat": 0, "ref_team": "DSM", "our_bank": 139369.0, "ref_bank": 137845.0, "margin": 24149.0, "ref_margin": 26381.0, "error": null}
{"episode": 114019002, "seat": 0, "ref_team": "We wanna be tomatos", "our_bank": 150186.0, "ref_bank": 155746.0, "margin": -20942.0, "ref_margin": -1333.0, "error": null}
{"episode": 114026977, "seat": 0, "ref_team": "Snorlax", "our_bank": 141074.0, "ref_bank": 158891.0, "margin": -22875.0, "ref_margin": -4467.0, "error": null}
{"episode": 114035844, "seat": 0, "ref_team": "THIRD FARM CLUB", "our_bank": 148779.0, "ref_bank": 127120.0, "margin": 52621.0, "ref_margin": -7696.0, "error": null}
ARENA DONE dtrwB 4
