{"episode": 113526475, "seat": 0, "ref_team": "Smackaveli", "our_bank": 142508.0, "ref_bank": 97261.0, "margin": 95149.0, "ref_margin": 1501.0, "error": null}
{"episode": 113538250, "seat": 0, "ref_team": "Smackaveli", "our_bank": 126993.0, "ref_bank": 132354.0, "margin": -15320.0, "ref_margin": 4834.0, "error": null}
{"episode": 113585384, "seat": 0, "ref_team": "DSM", "our_bank": 146176.0, "ref_bank": 108258.0, "margin": 41798.0, "ref_margin": -11291.0, "error": null}
{"episode": 113592109, "seat": 0, "ref_team": "Vadim Vasilenko", "our_bank": 131322.0, "ref_bank": 113732.0, "margin": -12436.0, "ref_margin": -9377.0, "error": null}
{"episode": 113609850, "seat": 0, "ref_team": "Azat Akhtyamov", "our_bank": 118129.0, "ref_bank": 84512.0, "margin": 77525.0, "ref_margin": 723.0, "error": null}
{"episode": 113615464, "seat": 0, "ref_team": "Vadim Vasilenko", "our_bank": 177032.0, "ref_bank": 117223.0, "margin": 149921.0, "ref_margin": 8064.0, "error": null}
{"episode": 113623209, "seat": 0, "ref_team": "Vadim Vasilenko", "our_bank": 115942.0, "ref_bank": 118561.0, "margin": 67108.0, "ref_margin": 13267.0, "error": null}
{"episode": 113631226, "seat": 0, "ref_team": "Vadim Vasilenko", "our_bank": 110920.0, "ref_bank": 102590.0, "margin": -4608.0, "ref_margin": -8960.0, "error": null}
{"episode": 113719422, "seat": 0, "ref_team": "TheEggman", "our_bank": 119782.0, "ref_bank": 129537.0, "margin": -16075.0, "ref_margin": 3025.0, "error": null}
{"episode": 113734520, "seat": 0, "ref_team": "Boey", "our_bank": 80489.0, "ref_bank": 99317.0, "margin": -22104.0, "ref_margin": -138.0, "error": null}
{"episode": 113740423, "seat": 0, "ref_team": "Yizhou", "our_bank": 102985.0, "ref_bank": 90760.0, "margin": 34153.0, "ref_margin": -3729.0, "error": null}
{"episode": 113743892, "seat": 0, "ref_team": "Fourth Quadrant", "our_bank": 143974.0, "ref_bank": 97011.0, "margin": 55142.0, "ref_margin": 3127.0, "error": null}
{"episode": 113749457, "seat": 0, "ref_team": "Majkel1337", "our_bank": 104926.0, "ref_bank": 127101.0, "margin": -6733.0, "ref_margin": 17822.0, "error": null}
{"episode": 113751027, "seat": 0, "ref_team": "Unknown Mother-Goose", "our_bank": 95780.0, "ref_bank": 105830.0, "margin": -2615.0, "ref_margin": 2056.0, "error": null}
{"episode": 113754593, "seat": 0, "ref_team": "Fourth Quadrant", "our_bank": 123973.0, "ref_bank": 102407.0, "margin": 10796.0, "ref_margin": 2137.0, "error": null}
{"episode": 113781287, "seat": 0, "ref_team": "DECEM", "our_bank": 138989.0, "ref_bank": 107440.0, "margin": 58388.0, "ref_margin": 4003.0, "error": null}
{"episode": 113795546, "seat": 0, "ref_team": "DECEM", "our_bank": 76493.0, "ref_bank": 86280.0, "margin": -15027.0, "ref_margin": -663.0, "error": null}
{"episode": 113875579, "seat": 0, "ref_team": "DSM", "our_bank": 104284.0, "ref_bank": 104436.0, "margin": -20686.0, "ref_margin": -2663.0, "error": null}
{"episode": 113888298, "seat": 0, "ref_team": "M & M & P & Q", "our_bank": 82671.0, "ref_bank": 94927.0, "margin": -8323.0, "ref_margin": -8311.0, "error": null}
{"episode": 113917713, "seat": 0, "ref_team": "DECEM", "our_bank": 97857.0, "ref_bank": 103768.0, "margin": -7623.0, "ref_margin": 2602.0, "error": null}
{"episode": 113933108, "seat": 0, "ref_team": "Vadim Vasilenko", "our_bank": 99859.0, "ref_bank": 92785.0, "margin": 49789.0, "ref_margin": 4471.0, "error": null}
{"episode": 114016444, "seat": 0, "ref_team": "DECEM", "our_bank": 116108.0, "ref_bank": 115946.0, "margin": -15018.0, "ref_margin": -3308.0, "error": null}
{"episode": 114025871, "seat": 0, "ref_team": "Boey", "our_bank": 72322.0, "ref_bank": 85578.0, "margin": -16992.0, "ref_margin": 1183.0, "error": null}
{"episode": 114035368, "seat": 0, "ref_team": "THIRD FARM CLUB", "our_bank": 117703.0, "ref_bank": 102755.0, "margin": 53329.0, "ref_margin": 3181.0, "error": null}
{"episode": 114041780, "seat": 0, "ref_team": "Boey", "our_bank": 146995.0, "ref_bank": 129257.0, "margin": 53992.0, "ref_margin": -375.0, "error": null}
ARENA DONE dtrw 2
